[2026-07-14T12:16:05.787Z] GET https://paxel.ycombinator.com/ → pending (?ms, ?B)
[2026-07-14T12:16:07.168Z] GET https://paxel.ycombinator.com/assets/application-d72bfd1d.css → 200 (18ms, 10967B)
[2026-07-14T12:16:07.168Z] GET https://paxel.ycombinator.com/assets/tailwind-0c4c94e8.css → 200 (23ms, 6292B)
[2026-07-14T12:16:07.168Z] GET https://fonts.googleapis.com/css2?family=Space+Grotesk:wght@400;500;600;700&family=JetBrains+Mono:wght@400&display=swap → 200 (155ms, 1256B)
[2026-07-14T12:16:07.169Z] GET https://fonts.googleapis.com/css2?family=Space+Grotesk:wght@300;400;500;600;700&display=swap → 200 (216ms, 665B)
[2026-07-14T12:16:07.170Z] GET https://paxel.ycombinator.com/assets/application-83581afb.js → 200 (21ms, 582B)
[2026-07-14T12:16:07.170Z] GET https://paxel.ycombinator.com/assets/turbo.min-9fd88cd5.js → 200 (33ms, 29729B)
[2026-07-14T12:16:07.170Z] GET https://paxel.ycombinator.com/assets/stimulus.min-4b1e420e.js → 200 (23ms, 11647B)
[2026-07-14T12:16:07.170Z] GET https://paxel.ycombinator.com/assets/stimulus-loading-1fc53fe7.js → 200 (22ms, 1107B)
[2026-07-14T12:16:07.170Z] GET https://paxel.ycombinator.com/assets/marked-4c7481a4.js → 200 (23ms, 12623B)
[2026-07-14T12:16:07.170Z] GET https://paxel.ycombinator.com/assets/dompurify-267ba3b2.js → 200 (22ms, 10841B)
[2026-07-14T12:16:07.170Z] GET https://paxel.ycombinator.com/assets/html2canvas-b738f850.js → 200 (39ms, 51815B)
[2026-07-14T12:16:07.170Z] GET https://paxel.ycombinator.com/assets/controllers/admin_sidebar_controller-9f5bd2b4.js → 200 (32ms, 938B)
[2026-07-14T12:16:07.170Z] GET https://paxel.ycombinator.com/assets/controllers/admin_toggle_controller-2dbc749a.js → 200 (41ms, 390B)
[2026-07-14T12:16:07.170Z] GET https://paxel.ycombinator.com/assets/controllers/application-3affb389.js → 200 (38ms, 189B)
[2026-07-14T12:16:07.170Z] GET https://paxel.ycombinator.com/assets/controllers/auto_refresh_controller-b67a07d8.js → 200 (37ms, 282B)
[2026-07-14T12:16:07.170Z] GET https://paxel.ycombinator.com/assets/controllers/chat_controller-fbed3087.js → 200 (30ms, 5244B)
[2026-07-14T12:16:07.170Z] GET https://paxel.ycombinator.com/assets/controllers/chat_widget_controller-1e1bb484.js → 200 (39ms, 368B)
[2026-07-14T12:16:07.170Z] GET https://paxel.ycombinator.com/assets/controllers/clipboard_controller-c9883843.js → 200 (31ms, 748B)
[2026-07-14T12:16:07.171Z] GET https://paxel.ycombinator.com/assets/controllers/dialog_controller-6c28f208.js → 200 (37ms, 468B)
[2026-07-14T12:16:07.171Z] GET https://paxel.ycombinator.com/assets/controllers/download_controller-342add53.js → 200 (38ms, 283B)
[2026-07-14T12:16:07.171Z] GET https://paxel.ycombinator.com/assets/controllers/first_visit_controller-06435bc0.js → 200 (30ms, 1287B)
[2026-07-14T12:16:07.171Z] GET https://paxel.ycombinator.com/assets/controllers/heatmap_controller-a931b9d2.js → 200 (38ms, 737B)
[2026-07-14T12:16:07.171Z] GET https://paxel.ycombinator.com/assets/controllers/hello_controller-708796bd.js → 200 (38ms, 176B)
[2026-07-14T12:16:07.171Z] GET https://paxel.ycombinator.com/assets/controllers/index-ee64e1f1.js → 200 (37ms, 198B)
[2026-07-14T12:16:07.171Z] GET https://paxel.ycombinator.com/assets/controllers/localtime_controller-e6691c3b.js → 200 (38ms, 710B)
[2026-07-14T12:16:07.171Z] GET https://paxel.ycombinator.com/assets/controllers/partner_note_controller-fc01ac06.js → 200 (39ms, 858B)
[2026-07-14T12:16:07.171Z] GET https://paxel.ycombinator.com/assets/controllers/polling_controller-a72f79d3.js → 200 (39ms, 1577B)
[2026-07-14T12:16:07.171Z] GET https://paxel.ycombinator.com/assets/controllers/share_card_controller-363ece3e.js → 200 (39ms, 1606B)
[2026-07-14T12:16:07.171Z] GET https://paxel.ycombinator.com/assets/controllers/sidebar_nav_controller-df9c9ca9.js → 200 (40ms, 574B)
[2026-07-14T12:16:07.171Z] GET https://paxel.ycombinator.com/assets/controllers/tabs_controller-df382173.js → 200 (40ms, 463B)
[2026-07-14T12:16:07.172Z] GET https://paxel.ycombinator.com/assets/controllers/tilt_card_controller-4d010f96.js → 200 (38ms, 1218B)
[2026-07-14T12:16:07.172Z] GET https://paxel.ycombinator.com/assets/controllers/toggle_controller-e6195e83.js → 200 (39ms, 201B)
[2026-07-14T12:16:07.172Z] GET https://paxel.ycombinator.com/assets/controllers/tooltip_controller-9b39e576.js → 200 (38ms, 729B)
[2026-07-14T12:16:07.172Z] GET https://paxel.ycombinator.com/assets/controllers/upload_popover_controller-14de7c0f.js → 200 (38ms, 574B)
[2026-07-14T12:16:07.172Z] GET https://paxel.ycombinator.com/assets/controllers/user_progress_controller-c5837762.js → 200 (39ms, 2979B)
[2026-07-14T12:16:07.433Z] GET https://paxel.ycombinator.com/home-v3-img/dithered/side-1018.png → 200 (1ms, 12051B)
[2026-07-14T12:16:07.433Z] GET https://paxel.ycombinator.com/home-v3-img/dithered/side-1015.png → 200 (12ms, 14574B)
[2026-07-14T12:16:07.433Z] GET https://paxel.ycombinator.com/home-v3-img/dithered/card-1022.png → 200 (1ms, 1388B)
[2026-07-14T12:16:07.433Z] GET https://paxel.ycombinator.com/home-v3-img/dithered/card-1016.png → 200 (1ms, 1766B)
[2026-07-14T12:16:07.433Z] GET https://paxel.ycombinator.com/home-v3-img/dithered/card-1036.png → 200 (10ms, 1745B)
[2026-07-14T12:16:07.433Z] GET https://paxel.ycombinator.com/home-v3-img/dithered/card-1019.png → 200 (3ms, 1088B)
[2026-07-14T12:16:07.433Z] GET https://paxel.ycombinator.com/home-v3-img/dithered/card-1037.png → 200 (1ms, 1278B)
[2026-07-14T12:16:07.433Z] GET https://paxel.ycombinator.com/home-v3-img/dithered/card-1039.png → 200 (10ms, 1494B)
[2026-07-14T12:16:07.433Z] GET https://paxel.ycombinator.com/home-v3-img/dithered/card-1018.png → 200 (10ms, 1178B)
[2026-07-14T12:16:07.434Z] GET https://paxel.ycombinator.com/home-v3-img/dithered/card-1015.png → 200 (2ms, 1464B)
[2026-07-14T12:16:07.434Z] GET https://paxel.ycombinator.com/home-v3-img/dithered/card-1021.png → 200 (1ms, 1205B)
[2026-07-14T12:16:07.434Z] GET https://fonts.gstatic.com/s/jetbrainsmono/v24/tDbY2o-flEEny0FZhsfKu5WU4zr3E_BX0PnT8RD8yKxTOlOVk6OThhvA.woff2 → pending (?ms, ?B)
[2026-07-14T12:16:07.434Z] GET https://fonts.gstatic.com/s/spacegrotesk/v22/V8mDoQDjQSkFtoMM3T6r8E7mPbF4C_k3HqU.woff2 → pending (?ms, ?B)
